> Task :app:preBuild UP-TO-DATE
> Task :app:preReleaseBuild UP-TO-DATE
> Task :app:compileReleaseAidl NO-SOURCE
> Task :app:compileReleaseRenderscript NO-SOURCE
> Task :app:generateReleaseBuildConfig UP-TO-DATE
> Task :app:mergeReleaseMlModels UP-TO-DATE
> Task :app:generateReleaseMlModelClass UP-TO-DATE
> Task :app:checkReleaseAarMetadata UP-TO-DATE
> Task :app:generateReleaseResValues UP-TO-DATE
> Task :app:generateReleaseResources UP-TO-DATE
> Task :app:mergeReleaseResources UP-TO-DATE
> Task :app:packageReleaseResources UP-TO-DATE
> Task :app:mapReleaseSourceSetPaths UP-TO-DATE
> Task :app:parseReleaseLocalResources UP-TO-DATE
> Task :app:createReleaseCompatibleScreenManifests UP-TO-DATE
> Task :app:extractDeepLinksRelease UP-TO-DATE
> Task :app:processReleaseMainManifest UP-TO-DATE
> Task :app:processReleaseManifest UP-TO-DATE
> Task :app:processReleaseManifestForPackage UP-TO-DATE
> Task :app:processReleaseResources UP-TO-DATE

> Task :app:compileReleaseKotlin FAILED
.\gradlew : e: C:\Users\User\Desktop\kotlinDetection\github\realtime_object_detection\app\src\main\java
\com\programminghut\realtime_object\MainActivity.kt: (501, 13): Expecting '->'
At line:1 char:76
+ ... me_object_detection; .\gradlew :app:compileReleaseKotlin 2>&1 | Out-F ...
+                          ~~~~~~~~~~~~~~~~~~~~~~~~~~~~~~~~~~~~~~~~
    + CategoryInfo          : NotSpecified: (e: C:\Users\Use... Expecting '->':String) [], RemoteExcep 
   tion
    + FullyQualifiedErrorId : NativeCommandError
 
e: C:\Users\User\Desktop\kotlinDetection\github\realtime_object_detection\app\src\main\java\com\program
minghut\realtime_object\MainActivity.kt: (501, 14): Expecting an expression
e: C:\Users\User\Desktop\kotlinDetection\github\realtime_object_detection\app\src\main\java\com\program
minghut\realtime_object\MainActivity.kt: (501, 14): Expecting '->'
e: C:\Users\User\Desktop\kotlinDetection\github\realtime_object_detection\app\src\main\java\com\program
minghut\realtime_object\MainActivity.kt: (501, 16): Expecting an expression
e: C:\Users\User\Desktop\kotlinDetection\github\realtime_object_detection\app\src\main\java\com\program
minghut\realtime_object\MainActivity.kt: (501, 16): Expecting '->'
e: C:\Users\User\Desktop\kotlinDetection\github\realtime_object_detection\app\src\main\java\com\program
minghut\realtime_object\MainActivity.kt: (504, 13): Expecting '->'
e: C:\Users\User\Desktop\kotlinDetection\github\realtime_object_detection\app\src\main\java\com\program
minghut\realtime_object\MainActivity.kt: (504, 14): Expecting an expression
e: C:\Users\User\Desktop\kotlinDetection\github\realtime_object_detection\app\src\main\java\com\program
minghut\realtime_object\MainActivity.kt: (504, 14): Expecting '->'
e: C:\Users\User\Desktop\kotlinDetection\github\realtime_object_detection\app\src\main\java\com\program
minghut\realtime_object\MainActivity.kt: (504, 16): Expecting an expression
e: C:\Users\User\Desktop\kotlinDetection\github\realtime_object_detection\app\src\main\java\com\program
minghut\realtime_object\MainActivity.kt: (504, 16): Expecting '->'
e: C:\Users\User\Desktop\kotlinDetection\github\realtime_object_detection\app\src\main\java\com\program
minghut\realtime_object\MainActivity.kt: (507, 13): Expecting '->'
e: C:\Users\User\Desktop\kotlinDetection\github\realtime_object_detection\app\src\main\java\com\program
minghut\realtime_object\MainActivity.kt: (507, 14): Expecting an expression
e: C:\Users\User\Desktop\kotlinDetection\github\realtime_object_detection\app\src\main\java\com\program
minghut\realtime_object\MainActivity.kt: (507, 14): Expecting '->'
e: C:\Users\User\Desktop\kotlinDetection\github\realtime_object_detection\app\src\main\java\com\program
minghut\realtime_object\MainActivity.kt: (507, 16): Expecting an expression
e: C:\Users\User\Desktop\kotlinDetection\github\realtime_object_detection\app\src\main\java\com\program
minghut\realtime_object\MainActivity.kt: (507, 16): Expecting '->'
e: C:\Users\User\Desktop\kotlinDetection\github\realtime_object_detection\app\src\main\java\com\program
minghut\realtime_object\MainActivity.kt: (510, 13): Expecting '->'
e: C:\Users\User\Desktop\kotlinDetection\github\realtime_object_detection\app\src\main\java\com\program
minghut\realtime_object\MainActivity.kt: (510, 14): Expecting an expression
e: C:\Users\User\Desktop\kotlinDetection\github\realtime_object_detection\app\src\main\java\com\program
minghut\realtime_object\MainActivity.kt: (510, 14): Expecting '->'
e: C:\Users\User\Desktop\kotlinDetection\github\realtime_object_detection\app\src\main\java\com\program
minghut\realtime_object\MainActivity.kt: (510, 16): Expecting an expression
e: C:\Users\User\Desktop\kotlinDetection\github\realtime_object_detection\app\src\main\java\com\program
minghut\realtime_object\MainActivity.kt: (510, 16): Expecting '->'
e: C:\Users\User\Desktop\kotlinDetection\github\realtime_object_detection\app\src\main\java\com\program
minghut\realtime_object\MainActivity.kt: (513, 13): Expecting '->'
e: C:\Users\User\Desktop\kotlinDetection\github\realtime_object_detection\app\src\main\java\com\program
minghut\realtime_object\MainActivity.kt: (513, 14): Expecting an expression
e: C:\Users\User\Desktop\kotlinDetection\github\realtime_object_detection\app\src\main\java\com\program
minghut\realtime_object\MainActivity.kt: (513, 14): Expecting '->'
e: C:\Users\User\Desktop\kotlinDetection\github\realtime_object_detection\app\src\main\java\com\program
minghut\realtime_object\MainActivity.kt: (513, 16): Expecting an expression
e: C:\Users\User\Desktop\kotlinDetection\github\realtime_object_detection\app\src\main\java\com\program
minghut\realtime_object\MainActivity.kt: (513, 16): Expecting '->'
e: C:\Users\User\Desktop\kotlinDetection\github\realtime_object_detection\app\src\main\java\com\program
minghut\realtime_object\MainActivity.kt: (516, 13): Expecting '->'
e: C:\Users\User\Desktop\kotlinDetection\github\realtime_object_detection\app\src\main\java\com\program
minghut\realtime_object\MainActivity.kt: (516, 14): Expecting an expression
e: C:\Users\User\Desktop\kotlinDetection\github\realtime_object_detection\app\src\main\java\com\program
minghut\realtime_object\MainActivity.kt: (516, 14): Expecting '->'
e: C:\Users\User\Desktop\kotlinDetection\github\realtime_object_detection\app\src\main\java\com\program
minghut\realtime_object\MainActivity.kt: (516, 16): Expecting an expression
e: C:\Users\User\Desktop\kotlinDetection\github\realtime_object_detection\app\src\main\java\com\program
minghut\realtime_object\MainActivity.kt: (516, 16): Expecting '->'
e: C:\Users\User\Desktop\kotlinDetection\github\realtime_object_detection\app\src\main\java\com\program
minghut\realtime_object\MainActivity.kt: (519, 13): Expecting '->'
e: C:\Users\User\Desktop\kotlinDetection\github\realtime_object_detection\app\src\main\java\com\program
minghut\realtime_object\MainActivity.kt: (519, 14): Expecting an expression
e: C:\Users\User\Desktop\kotlinDetection\github\realtime_object_detection\app\src\main\java\com\program
minghut\realtime_object\MainActivity.kt: (519, 14): Expecting '->'
e: C:\Users\User\Desktop\kotlinDetection\github\realtime_object_detection\app\src\main\java\com\program
minghut\realtime_object\MainActivity.kt: (519, 16): Expecting an expression
e: C:\Users\User\Desktop\kotlinDetection\github\realtime_object_detection\app\src\main\java\com\program
minghut\realtime_object\MainActivity.kt: (519, 16): Expecting '->'
e: C:\Users\User\Desktop\kotlinDetection\github\realtime_object_detection\app\src\main\java\com\program
minghut\realtime_object\MainActivity.kt: (522, 13): Expecting '->'
e: C:\Users\User\Desktop\kotlinDetection\github\realtime_object_detection\app\src\main\java\com\program
minghut\realtime_object\MainActivity.kt: (522, 14): Expecting an expression
e: C:\Users\User\Desktop\kotlinDetection\github\realtime_object_detection\app\src\main\java\com\program
minghut\realtime_object\MainActivity.kt: (522, 14): Expecting '->'
e: C:\Users\User\Desktop\kotlinDetection\github\realtime_object_detection\app\src\main\java\com\program
minghut\realtime_object\MainActivity.kt: (522, 16): Expecting an expression
e: C:\Users\User\Desktop\kotlinDetection\github\realtime_object_detection\app\src\main\java\com\program
minghut\realtime_object\MainActivity.kt: (522, 16): Expecting '->'
e: C:\Users\User\Desktop\kotlinDetection\github\realtime_object_detection\app\src\main\java\com\program
minghut\realtime_object\MainActivity.kt: (525, 13): Expecting '->'
e: C:\Users\User\Desktop\kotlinDetection\github\realtime_object_detection\app\src\main\java\com\program
minghut\realtime_object\MainActivity.kt: (525, 14): Expecting an expression
e: C:\Users\User\Desktop\kotlinDetection\github\realtime_object_detection\app\src\main\java\com\program
minghut\realtime_object\MainActivity.kt: (525, 14): Expecting '->'
e: C:\Users\User\Desktop\kotlinDetection\github\realtime_object_detection\app\src\main\java\com\program
minghut\realtime_object\MainActivity.kt: (525, 16): Expecting an expression
e: C:\Users\User\Desktop\kotlinDetection\github\realtime_object_detection\app\src\main\java\com\program
minghut\realtime_object\MainActivity.kt: (525, 16): Expecting '->'
e: C:\Users\User\Desktop\kotlinDetection\github\realtime_object_detection\app\src\main\java\com\program
minghut\realtime_object\MainActivity.kt: (528, 13): Expecting '->'
e: C:\Users\User\Desktop\kotlinDetection\github\realtime_object_detection\app\src\main\java\com\program
minghut\realtime_object\MainActivity.kt: (528, 14): Expecting an expression
e: C:\Users\User\Desktop\kotlinDetection\github\realtime_object_detection\app\src\main\java\com\program
minghut\realtime_object\MainActivity.kt: (528, 14): Expecting '->'
e: C:\Users\User\Desktop\kotlinDetection\github\realtime_object_detection\app\src\main\java\com\program
minghut\realtime_object\MainActivity.kt: (528, 16): Expecting an expression
e: C:\Users\User\Desktop\kotlinDetection\github\realtime_object_detection\app\src\main\java\com\program
minghut\realtime_object\MainActivity.kt: (528, 16): Expecting '->'
e: C:\Users\User\Desktop\kotlinDetection\github\realtime_object_detection\app\src\main\java\com\program
minghut\realtime_object\MainActivity.kt: (531, 13): Expecting '->'
e: C:\Users\User\Desktop\kotlinDetection\github\realtime_object_detection\app\src\main\java\com\program
minghut\realtime_object\MainActivity.kt: (531, 14): Expecting an expression
e: C:\Users\User\Desktop\kotlinDetection\github\realtime_object_detection\app\src\main\java\com\program
minghut\realtime_object\MainActivity.kt: (531, 14): Expecting '->'
e: C:\Users\User\Desktop\kotlinDetection\github\realtime_object_detection\app\src\main\java\com\program
minghut\realtime_object\MainActivity.kt: (531, 16): Expecting an expression
e: C:\Users\User\Desktop\kotlinDetection\github\realtime_object_detection\app\src\main\java\com\program
minghut\realtime_object\MainActivity.kt: (531, 16): Expecting '->'
e: C:\Users\User\Desktop\kotlinDetection\github\realtime_object_detection\app\src\main\java\com\program
minghut\realtime_object\MainActivity.kt: (534, 13): Expecting '->'
e: C:\Users\User\Desktop\kotlinDetection\github\realtime_object_detection\app\src\main\java\com\program
minghut\realtime_object\MainActivity.kt: (534, 14): Expecting an expression
e: C:\Users\User\Desktop\kotlinDetection\github\realtime_object_detection\app\src\main\java\com\program
minghut\realtime_object\MainActivity.kt: (534, 14): Expecting '->'
e: C:\Users\User\Desktop\kotlinDetection\github\realtime_object_detection\app\src\main\java\com\program
minghut\realtime_object\MainActivity.kt: (534, 16): Expecting an expression
e: C:\Users\User\Desktop\kotlinDetection\github\realtime_object_detection\app\src\main\java\com\program
minghut\realtime_object\MainActivity.kt: (534, 16): Expecting '->'
e: C:\Users\User\Desktop\kotlinDetection\github\realtime_object_detection\app\src\main\java\com\program
minghut\realtime_object\MainActivity.kt: (537, 13): Expecting '->'
e: C:\Users\User\Desktop\kotlinDetection\github\realtime_object_detection\app\src\main\java\com\program
minghut\realtime_object\MainActivity.kt: (537, 14): Expecting an expression
e: C:\Users\User\Desktop\kotlinDetection\github\realtime_object_detection\app\src\main\java\com\program
minghut\realtime_object\MainActivity.kt: (537, 14): Expecting '->'
e: C:\Users\User\Desktop\kotlinDetection\github\realtime_object_detection\app\src\main\java\com\program
minghut\realtime_object\MainActivity.kt: (537, 16): Expecting an expression
e: C:\Users\User\Desktop\kotlinDetection\github\realtime_object_detection\app\src\main\java\com\program
minghut\realtime_object\MainActivity.kt: (537, 16): Expecting '->'
e: C:\Users\User\Desktop\kotlinDetection\github\realtime_object_detection\app\src\main\java\com\program
minghut\realtime_object\MainActivity.kt: (540, 13): Expecting '->'
e: C:\Users\User\Desktop\kotlinDetection\github\realtime_object_detection\app\src\main\java\com\program
minghut\realtime_object\MainActivity.kt: (540, 14): Expecting an expression
e: C:\Users\User\Desktop\kotlinDetection\github\realtime_object_detection\app\src\main\java\com\program
minghut\realtime_object\MainActivity.kt: (540, 14): Expecting '->'
e: C:\Users\User\Desktop\kotlinDetection\github\realtime_object_detection\app\src\main\java\com\program
minghut\realtime_object\MainActivity.kt: (540, 16): Expecting an expression
e: C:\Users\User\Desktop\kotlinDetection\github\realtime_object_detection\app\src\main\java\com\program
minghut\realtime_object\MainActivity.kt: (540, 16): Expecting '->'
e: C:\Users\User\Desktop\kotlinDetection\github\realtime_object_detection\app\src\main\java\com\program
minghut\realtime_object\MainActivity.kt: (543, 13): Expecting '->'
e: C:\Users\User\Desktop\kotlinDetection\github\realtime_object_detection\app\src\main\java\com\program
minghut\realtime_object\MainActivity.kt: (543, 14): Expecting an expression
e: C:\Users\User\Desktop\kotlinDetection\github\realtime_object_detection\app\src\main\java\com\program
minghut\realtime_object\MainActivity.kt: (543, 14): Expecting '->'
e: C:\Users\User\Desktop\kotlinDetection\github\realtime_object_detection\app\src\main\java\com\program
minghut\realtime_object\MainActivity.kt: (543, 16): Expecting an expression
e: C:\Users\User\Desktop\kotlinDetection\github\realtime_object_detection\app\src\main\java\com\program
minghut\realtime_object\MainActivity.kt: (543, 16): Expecting '->'
e: C:\Users\User\Desktop\kotlinDetection\github\realtime_object_detection\app\src\main\java\com\program
minghut\realtime_object\MainActivity.kt: (546, 13): Expecting '->'
e: C:\Users\User\Desktop\kotlinDetection\github\realtime_object_detection\app\src\main\java\com\program
minghut\realtime_object\MainActivity.kt: (546, 14): Expecting an expression
e: C:\Users\User\Desktop\kotlinDetection\github\realtime_object_detection\app\src\main\java\com\program
minghut\realtime_object\MainActivity.kt: (546, 14): Expecting '->'
e: C:\Users\User\Desktop\kotlinDetection\github\realtime_object_detection\app\src\main\java\com\program
minghut\realtime_object\MainActivity.kt: (546, 16): Expecting an expression
e: C:\Users\User\Desktop\kotlinDetection\github\realtime_object_detection\app\src\main\java\com\program
minghut\realtime_object\MainActivity.kt: (546, 16): Expecting '->'
e: C:\Users\User\Desktop\kotlinDetection\github\realtime_object_detection\app\src\main\java\com\program
minghut\realtime_object\MainActivity.kt: (549, 13): Expecting '->'
e: C:\Users\User\Desktop\kotlinDetection\github\realtime_object_detection\app\src\main\java\com\program
minghut\realtime_object\MainActivity.kt: (549, 14): Expecting an expression
e: C:\Users\User\Desktop\kotlinDetection\github\realtime_object_detection\app\src\main\java\com\program
minghut\realtime_object\MainActivity.kt: (549, 14): Expecting '->'
e: C:\Users\User\Desktop\kotlinDetection\github\realtime_object_detection\app\src\main\java\com\program
minghut\realtime_object\MainActivity.kt: (549, 16): Expecting an expression
e: C:\Users\User\Desktop\kotlinDetection\github\realtime_object_detection\app\src\main\java\com\program
minghut\realtime_object\MainActivity.kt: (549, 16): Expecting '->'
e: C:\Users\User\Desktop\kotlinDetection\github\realtime_object_detection\app\src\main\java\com\program
minghut\realtime_object\MainActivity.kt: (552, 13): Expecting '->'
e: C:\Users\User\Desktop\kotlinDetection\github\realtime_object_detection\app\src\main\java\com\program
minghut\realtime_object\MainActivity.kt: (552, 14): Expecting an expression
e: C:\Users\User\Desktop\kotlinDetection\github\realtime_object_detection\app\src\main\java\com\program
minghut\realtime_object\MainActivity.kt: (552, 14): Expecting '->'
e: C:\Users\User\Desktop\kotlinDetection\github\realtime_object_detection\app\src\main\java\com\program
minghut\realtime_object\MainActivity.kt: (552, 17): Expecting an expression
e: C:\Users\User\Desktop\kotlinDetection\github\realtime_object_detection\app\src\main\java\com\program
minghut\realtime_object\MainActivity.kt: (552, 17): Expecting '->'
e: C:\Users\User\Desktop\kotlinDetection\github\realtime_object_detection\app\src\main\java\com\program
minghut\realtime_object\MainActivity.kt: (555, 13): Expecting '->'
e: C:\Users\User\Desktop\kotlinDetection\github\realtime_object_detection\app\src\main\java\com\program
minghut\realtime_object\MainActivity.kt: (555, 14): Expecting an expression
e: C:\Users\User\Desktop\kotlinDetection\github\realtime_object_detection\app\src\main\java\com\program
minghut\realtime_object\MainActivity.kt: (555, 14): Expecting '->'
e: C:\Users\User\Desktop\kotlinDetection\github\realtime_object_detection\app\src\main\java\com\program
minghut\realtime_object\MainActivity.kt: (555, 16): Expecting an expression
e: C:\Users\User\Desktop\kotlinDetection\github\realtime_object_detection\app\src\main\java\com\program
minghut\realtime_object\MainActivity.kt: (555, 16): Expecting '->'
e: C:\Users\User\Desktop\kotlinDetection\github\realtime_object_detection\app\src\main\java\com\program
minghut\realtime_object\MainActivity.kt: (558, 13): Expecting '->'
e: C:\Users\User\Desktop\kotlinDetection\github\realtime_object_detection\app\src\main\java\com\program
minghut\realtime_object\MainActivity.kt: (558, 14): Expecting an expression
e: C:\Users\User\Desktop\kotlinDetection\github\realtime_object_detection\app\src\main\java\com\program
minghut\realtime_object\MainActivity.kt: (558, 14): Expecting '->'
e: C:\Users\User\Desktop\kotlinDetection\github\realtime_object_detection\app\src\main\java\com\program
minghut\realtime_object\MainActivity.kt: (558, 16): Expecting an expression
e: C:\Users\User\Desktop\kotlinDetection\github\realtime_object_detection\app\src\main\java\com\program
minghut\realtime_object\MainActivity.kt: (558, 16): Expecting '->'
e: C:\Users\User\Desktop\kotlinDetection\github\realtime_object_detection\app\src\main\java\com\program
minghut\realtime_object\MainActivity.kt: (561, 13): Expecting '->'
e: C:\Users\User\Desktop\kotlinDetection\github\realtime_object_detection\app\src\main\java\com\program
minghut\realtime_object\MainActivity.kt: (561, 14): Expecting an expression
e: C:\Users\User\Desktop\kotlinDetection\github\realtime_object_detection\app\src\main\java\com\program
minghut\realtime_object\MainActivity.kt: (561, 14): Expecting '->'
e: C:\Users\User\Desktop\kotlinDetection\github\realtime_object_detection\app\src\main\java\com\program
minghut\realtime_object\MainActivity.kt: (561, 16): Expecting an expression
e: C:\Users\User\Desktop\kotlinDetection\github\realtime_object_detection\app\src\main\java\com\program
minghut\realtime_object\MainActivity.kt: (561, 16): Expecting '->'
e: C:\Users\User\Desktop\kotlinDetection\github\realtime_object_detection\app\src\main\java\com\program
minghut\realtime_object\MainActivity.kt: (564, 13): Expecting '->'
e: C:\Users\User\Desktop\kotlinDetection\github\realtime_object_detection\app\src\main\java\com\program
minghut\realtime_object\MainActivity.kt: (564, 14): Expecting an expression
e: C:\Users\User\Desktop\kotlinDetection\github\realtime_object_detection\app\src\main\java\com\program
minghut\realtime_object\MainActivity.kt: (564, 14): Expecting '->'
e: C:\Users\User\Desktop\kotlinDetection\github\realtime_object_detection\app\src\main\java\com\program
minghut\realtime_object\MainActivity.kt: (564, 16): Expecting an expression
e: C:\Users\User\Desktop\kotlinDetection\github\realtime_object_detection\app\src\main\java\com\program
minghut\realtime_object\MainActivity.kt: (564, 16): Expecting '->'
e: C:\Users\User\Desktop\kotlinDetection\github\realtime_object_detection\app\src\main\java\com\program
minghut\realtime_object\MainActivity.kt: (567, 13): Expecting '->'
e: C:\Users\User\Desktop\kotlinDetection\github\realtime_object_detection\app\src\main\java\com\program
minghut\realtime_object\MainActivity.kt: (567, 14): Expecting an expression
e: C:\Users\User\Desktop\kotlinDetection\github\realtime_object_detection\app\src\main\java\com\program
minghut\realtime_object\MainActivity.kt: (567, 14): Expecting '->'
e: C:\Users\User\Desktop\kotlinDetection\github\realtime_object_detection\app\src\main\java\com\program
minghut\realtime_object\MainActivity.kt: (567, 16): Expecting an expression
e: C:\Users\User\Desktop\kotlinDetection\github\realtime_object_detection\app\src\main\java\com\program
minghut\realtime_object\MainActivity.kt: (567, 16): Expecting '->'
e: C:\Users\User\Desktop\kotlinDetection\github\realtime_object_detection\app\src\main\java\com\program
minghut\realtime_object\MainActivity.kt: (570, 13): Expecting '->'
e: C:\Users\User\Desktop\kotlinDetection\github\realtime_object_detection\app\src\main\java\com\program
minghut\realtime_object\MainActivity.kt: (570, 14): Expecting an expression
e: C:\Users\User\Desktop\kotlinDetection\github\realtime_object_detection\app\src\main\java\com\program
minghut\realtime_object\MainActivity.kt: (570, 14): Expecting '->'
e: C:\Users\User\Desktop\kotlinDetection\github\realtime_object_detection\app\src\main\java\com\program
minghut\realtime_object\MainActivity.kt: (570, 16): Expecting an expression
e: C:\Users\User\Desktop\kotlinDetection\github\realtime_object_detection\app\src\main\java\com\program
minghut\realtime_object\MainActivity.kt: (570, 16): Expecting '->'
e: C:\Users\User\Desktop\kotlinDetection\github\realtime_object_detection\app\src\main\java\com\program
minghut\realtime_object\MainActivity.kt: (573, 13): Expecting '->'
e: C:\Users\User\Desktop\kotlinDetection\github\realtime_object_detection\app\src\main\java\com\program
minghut\realtime_object\MainActivity.kt: (573, 14): Expecting an expression
e: C:\Users\User\Desktop\kotlinDetection\github\realtime_object_detection\app\src\main\java\com\program
minghut\realtime_object\MainActivity.kt: (573, 14): Expecting '->'
e: C:\Users\User\Desktop\kotlinDetection\github\realtime_object_detection\app\src\main\java\com\program
minghut\realtime_object\MainActivity.kt: (573, 16): Expecting an expression
e: C:\Users\User\Desktop\kotlinDetection\github\realtime_object_detection\app\src\main\java\com\program
minghut\realtime_object\MainActivity.kt: (573, 16): Expecting '->'
e: C:\Users\User\Desktop\kotlinDetection\github\realtime_object_detection\app\src\main\java\com\program
minghut\realtime_object\MainActivity.kt: (576, 13): Expecting '->'
e: C:\Users\User\Desktop\kotlinDetection\github\realtime_object_detection\app\src\main\java\com\program
minghut\realtime_object\MainActivity.kt: (576, 14): Expecting an expression
e: C:\Users\User\Desktop\kotlinDetection\github\realtime_object_detection\app\src\main\java\com\program
minghut\realtime_object\MainActivity.kt: (576, 14): Expecting '->'
e: C:\Users\User\Desktop\kotlinDetection\github\realtime_object_detection\app\src\main\java\com\program
minghut\realtime_object\MainActivity.kt: (576, 17): Expecting an expression
e: C:\Users\User\Desktop\kotlinDetection\github\realtime_object_detection\app\src\main\java\com\program
minghut\realtime_object\MainActivity.kt: (576, 17): Expecting '->'
16 actionable tasks: 1 executed, 15 up-to-date
e: C:\Users\User\Desktop\kotlinDetection\github\realtime_object_detection\app\src\main\java\com\program
minghut\realtime_object\MainActivity.kt: (578, 17): Expecting '->'

FAILURE: Build failed with an exception.

* What went wrong:
Execution failed for task ':app:compileReleaseKotlin'.
> A failure occurred while executing 
org.jetbrains.kotlin.compilerRunner.GradleCompilerRunnerWithWorkers$GradleKotlinCompilerWorkAction
   > Compilation error. See log for more details

* Try:
> Run with --stacktrace option to get the stack trace.
> Run with --info or --debug option to get more log output.
> Run with --scan to get full insights.

* Get more help at https://help.gradle.org

BUILD FAILED in 2s
